// Jest Snapshot v1, https://goo.gl/fbAQLP

exports[`Logo should render correctly 1`] = `
<styled.div>
  <styled.h1>
    M
  </styled.h1>
</styled.div>
`;
